<html>
<body>
<pre>
<h1>µVision Build Log</h1>
<h2>Tool Versions:</h2>
IDE-Version: µVision V5.31.0.0
Copyright (C) 2020 ARM Ltd and ARM Germany GmbH. All rights reserved.
License Information: Q Q, Q, LIC=----
 
Tool Versions:
Toolchain:       MDK-Lite  Version: 5.31.0.0
Toolchain Path:  C:\Keil_v5\ARM\ARMCC\Bin
C Compiler:      Armcc.exe V5.06 update 6 (build 750)
Assembler:       Armasm.exe V5.06 update 6 (build 750)
Linker/Locator:  ArmLink.exe V5.06 update 6 (build 750)
Library Manager: ArmAr.exe V5.06 update 6 (build 750)
Hex Converter:   FromElf.exe V5.06 update 6 (build 750)
CPU DLL:         SARMCM3.DLL V5.31.0.0
Dialog DLL:      DCM.DLL V1.17.3.0
Target DLL:      STLink\ST-LINKIII-KEIL_SWO.dll V3.0.7.0
Dialog DLL:      TCM.DLL V1.46.0.0
 
<h2>Project:</h2>
C:\Users\Admin\Documents\Omni_For_Wheel\MDK-ARM\Omni_4_Wheels.uvprojx
Project File Date:  03/27/2025

<h2>Output:</h2>
*** Using Compiler 'V5.06 update 6 (build 750)', folder: 'C:\Keil_v5\ARM\ARMCC\Bin'
Rebuild target 'Omni_4_Wheels'
assembling startup_stm32f407xx.s...
compiling stm32f4xx_it.c...
compiling stm32f4xx_hal_msp.c...
compiling PID.c...
compiling Omni_4_Kinematic.c...
../Core/Inc/PS4_Connect_ESP.h(51): warning:  #1-D: last line of file ends without a newline
  #endif
../Core/Inc/Omni_4_Kinematic.h(76): warning:  #1-D: last line of file ends without a newline
  #endif // KINEMATIC_OMNI_H
..\Core\Src\Omni_4_Kinematic.c(18): warning:  #1035-D: single-precision operand implicitly converted to double-precision
      return rad * 9.5492965855137;
..\Core\Src\Omni_4_Kinematic.c(87): warning:  #1035-D: single-precision operand implicitly converted to double-precision
      float temp1 = (Vx_Robot - D * robot->Omega) / WHEEL_RADIUS;                             // 1
..\Core\Src\Omni_4_Kinematic.c(88): warning:  #1035-D: single-precision operand implicitly converted to double-precision
      float temp2 = (-0.5f * Vx_Robot + 0.866f * Vy_Robot - D * robot->Omega) / WHEEL_RADIUS; // 2
..\Core\Src\Omni_4_Kinematic.c(89): warning:  #1035-D: single-precision operand implicitly converted to double-precision
      float temp3 = (-0.5f * Vx_Robot - 0.866f * Vy_Robot - D * robot->Omega) / WHEEL_RADIUS; // 3
..\Core\Src\Omni_4_Kinematic.c(90): warning:  #1035-D: single-precision operand implicitly converted to double-precision
      float temp4 = (Vx_Robot + D * robot->Omega) / WHEEL_RADIUS;                             // 4
..\Core\Src\Omni_4_Kinematic.c: 7 warnings, 0 errors
compiling main.c...
../Core/Inc/PS4_Connect_ESP.h(51): warning:  #1-D: last line of file ends without a newline
  #endif
../Core/Inc/Omni_4_Kinematic.h(76): warning:  #1-D: last line of file ends without a newline
  #endif // KINEMATIC_OMNI_H
../Core/Src/main.c: 2 warnings, 0 errors
compiling PS4_Connect_ESP.c...
../Core/Inc/PS4_Connect_ESP.h(51): warning:  #1-D: last line of file ends without a newline
  #endif
..\Core\Src\PS4_Connect_ESP.c(34): warning:  #167-D: argument of type "volatile BS *" is incompatible with parameter of type "BS *"
          Extract_Button(PS4_Dat.button, &Button_State);
..\Core\Src\PS4_Connect_ESP.c: 2 warnings, 0 errors
compiling DRIVER_PID_AML.c...
..\Core\Src\DRIVER_PID_AML.c(42): warning:  #1-D: last line of file ends without a newline
  }
..\Core\Src\DRIVER_PID_AML.c: 1 warning, 0 errors
compiling stm32f4xx_hal_flash.c...
compiling stm32f4xx_hal_flash_ex.c...
compiling stm32f4xx_hal_rcc.c...
compiling stm32f4xx_hal_rcc_ex.c...
compiling stm32f4xx_hal_flash_ramfunc.c...
compiling stm32f4xx_hal_pwr_ex.c...
compiling stm32f4xx_hal_dma_ex.c...
compiling system_stm32f4xx.c...
compiling stm32f4xx_hal_gpio.c...
compiling stm32f4xx_hal_dma.c...
compiling stm32f4xx_hal_cortex.c...
compiling stm32f4xx_hal.c...
compiling stm32f4xx_hal_exti.c...
compiling stm32f4xx_hal_pwr.c...
compiling stm32f4xx_hal_uart.c...
linking...
Program Size: Code=4018 RO-data=450 RW-data=16 ZI-data=1632  
FromELF: creating hex file...
"Omni_4_Wheels\Omni_4_Wheels.axf" - 0 Error(s), 12 Warning(s).

<h2>Software Packages used:</h2>

Package Vendor: ARM
                https://www.keil.com/pack/ARM.CMSIS.6.1.0.pack
                ARM.CMSIS.6.1.0
                CMSIS (Common Microcontroller Software Interface Standard)
   * Component: CORE Version: 6.1.0

Package Vendor: Keil
                https://www.keil.com/pack/Keil.STM32F4xx_DFP.3.0.0.pack
                Keil.STM32F4xx_DFP.3.0.0
                STMicroelectronics STM32F4 Series Device Support

<h2>Collection of Component include folders:</h2>
  .\RTE\_Omni_4_Wheels
  C:\Users\Admin\AppData\Local\Arm\Packs\ARM\CMSIS\6.1.0\CMSIS\Core\Include

<h2>Collection of Component Files used:</h2>

   * Component: ARM::CMSIS:CORE:6.1.0
      Include file:  CMSIS\Core\Include\tz_context.h
Build Time Elapsed:  00:00:14
</pre>
</body>
</html>
